// Jest Snapshot v1, https://goo.gl/fbAQLP

exports[`<EntriesPage /> happy path should match snapshot 1`] = `
<div>
  <main
    class="main"
  >
    <span
      class="backLink"
    >
      Back to Home
    </span>
    <hr
      class="hr"
    />
    <h1
      class="pageHeader"
    >
      All Entries (
      25
      )
    </h1>
    <ul
      class="entries"
    >
      <li
        class="entryItem"
        data-testid="entry-item"
      >
        <a
          class="entryItemLink"
          href="https://www.heatpresszone.com/"
          target="_blank"
          title="https://www-cdn.bigcommerce.com/assets/Heat-Press-Zone.png"
        >
          <div
            class="entryImage"
          >
            <img
              alt="Heat Press Zone"
              src="https://www-cdn.bigcommerce.com/assets/Heat-Press-Zone.png"
            />
          </div>
          <h2
            class="entryTitle"
          >
            Heat Press Zone
          </h2>
        </a>
      </li>
      <li
        class="entryItem"
        data-testid="entry-item"
      >
        <a
          class="entryItemLink"
          href="https://www.heatpresszone.com/"
          target="_blank"
          title="https://www-cdn.bigcommerce.com/assets/Heat-Press-Zone.png"
        >
          <div
            class="entryImage"
          >
            <img
              alt="Heat Press Zone"
              src="https://www-cdn.bigcommerce.com/assets/Heat-Press-Zone.png"
            />
          </div>
          <h2
            class="entryTitle"
          >
            Heat Press Zone
          </h2>
        </a>
      </li>
      <li
        class="entryItem"
        data-testid="entry-item"
      >
        <a
          class="entryItemLink"
          href="https://www.heatpresszone.com/"
          target="_blank"
          title="https://www-cdn.bigcommerce.com/assets/Heat-Press-Zone.png"
        >
          <div
            class="entryImage"
          >
            <img
              alt="Heat Press Zone"
              src="https://www-cdn.bigcommerce.com/assets/Heat-Press-Zone.png"
            />
          </div>
          <h2
            class="entryTitle"
          >
            Heat Press Zone
          </h2>
        </a>
      </li>
      <li
        class="entryItem"
        data-testid="entry-item"
      >
        <a
          class="entryItemLink"
          href="https://www.heatpresszone.com/"
          target="_blank"
          title="https://www-cdn.bigcommerce.com/assets/Heat-Press-Zone.png"
        >
          <div
            class="entryImage"
          >
            <img
              alt="Heat Press Zone"
              src="https://www-cdn.bigcommerce.com/assets/Heat-Press-Zone.png"
            />
          </div>
          <h2
            class="entryTitle"
          >
            Heat Press Zone
          </h2>
        </a>
      </li>
      <li
        class="entryItem"
        data-testid="entry-item"
      >
        <a
          class="entryItemLink"
          href="https://www.heatpresszone.com/"
          target="_blank"
          title="https://www-cdn.bigcommerce.com/assets/Heat-Press-Zone.png"
        >
          <div
            class="entryImage"
          >
            <img
              alt="Heat Press Zone"
              src="https://www-cdn.bigcommerce.com/assets/Heat-Press-Zone.png"
            />
          </div>
          <h2
            class="entryTitle"
          >
            Heat Press Zone
          </h2>
        </a>
      </li>
      <li
        class="entryItem"
        data-testid="entry-item"
      >
        <a
          class="entryItemLink"
          href="https://www.heatpresszone.com/"
          target="_blank"
          title="https://www-cdn.bigcommerce.com/assets/Heat-Press-Zone.png"
        >
          <div
            class="entryImage"
          >
            <img
              alt="Heat Press Zone"
              src="https://www-cdn.bigcommerce.com/assets/Heat-Press-Zone.png"
            />
          </div>
          <h2
            class="entryTitle"
          >
            Heat Press Zone
          </h2>
        </a>
      </li>
      <li
        class="entryItem"
        data-testid="entry-item"
      >
        <a
          class="entryItemLink"
          href="https://www.heatpresszone.com/"
          target="_blank"
          title="https://www-cdn.bigcommerce.com/assets/Heat-Press-Zone.png"
        >
          <div
            class="entryImage"
          >
            <img
              alt="Heat Press Zone"
              src="https://www-cdn.bigcommerce.com/assets/Heat-Press-Zone.png"
            />
          </div>
          <h2
            class="entryTitle"
          >
            Heat Press Zone
          </h2>
        </a>
      </li>
      <li
        class="entryItem"
        data-testid="entry-item"
      >
        <a
          class="entryItemLink"
          href="https://www.heatpresszone.com/"
          target="_blank"
          title="https://www-cdn.bigcommerce.com/assets/Heat-Press-Zone.png"
        >
          <div
            class="entryImage"
          >
            <img
              alt="Heat Press Zone"
              src="https://www-cdn.bigcommerce.com/assets/Heat-Press-Zone.png"
            />
          </div>
          <h2
            class="entryTitle"
          >
            Heat Press Zone
          </h2>
        </a>
      </li>
      <li
        class="entryItem"
        data-testid="entry-item"
      >
        <a
          class="entryItemLink"
          href="https://www.heatpresszone.com/"
          target="_blank"
          title="https://www-cdn.bigcommerce.com/assets/Heat-Press-Zone.png"
        >
          <div
            class="entryImage"
          >
            <img
              alt="Heat Press Zone"
              src="https://www-cdn.bigcommerce.com/assets/Heat-Press-Zone.png"
            />
          </div>
          <h2
            class="entryTitle"
          >
            Heat Press Zone
          </h2>
        </a>
      </li>
      <li
        class="entryItem"
        data-testid="entry-item"
      >
        <a
          class="entryItemLink"
          href="https://www.heatpresszone.com/"
          target="_blank"
          title="https://www-cdn.bigcommerce.com/assets/Heat-Press-Zone.png"
        >
          <div
            class="entryImage"
          >
            <img
              alt="Heat Press Zone"
              src="https://www-cdn.bigcommerce.com/assets/Heat-Press-Zone.png"
            />
          </div>
          <h2
            class="entryTitle"
          >
            Heat Press Zone
          </h2>
        </a>
      </li>
    </ul>
    <hr
      class="hr"
    />
    <div
      class="paginationContainer"
    >
      <div
        class="buttonsContainer"
      >
        <button
          class="pageButtonInactive"
          data-testid="pagination-prev-button"
          disabled=""
          type="button"
        >
          Prev
        </button>
        <button
          class="pageButtonActive"
          data-testid="pagination-button"
          type="button"
        >
          1
        </button>
        <button
          class="pageButtonInactive"
          data-testid="pagination-button"
          type="button"
        >
          2
        </button>
        <button
          class="pageButtonInactive"
          data-testid="pagination-button"
          type="button"
        >
          3
        </button>
        <button
          class="pageButtonInactive"
          data-testid="pagination-next-button"
          type="button"
        >
          Next
        </button>
      </div>
    </div>
  </main>
</div>
`;
